2a06:e040:7603:2405:bd38:e740:c684:45d - - [07/Nov/2024:17:06:34 +0100] "GET /api/v1/timelines/home?since_id=113423277801959089 HTTP/2.0" 200 2 "https://mastodon.insa.lol/home" "Mozilla/5.0 (Macintosh; Intel Mac OS X 10_15_7) AppleWebKit/537.36 (KHTML, like Gecko) Chrome/128.0.0.0 Safari/537.36"
2a06:e040:7603:2405:bd38:e740:c684:45d - - [07/Nov/2024:17:06:34 +0100] "GET /api/v2/notifications?grouped_types[]=favourite&grouped_types[]=reblog&grouped_types[]=follow&exclude_types[]=follow_request HTTP/2.0" 200 871 "https://mastodon.insa.lol/home" "Mozilla/5.0 (Macintosh; Intel Mac OS X 10_15_7) AppleWebKit/537.36 (KHTML, like Gecko) Chrome/128.0.0.0 Safari/537.36"
2a06:e040:7603:2405:bd38:e740:c684:45d - - [07/Nov/2024:17:06:34 +0100] "GET /api/v1/announcements HTTP/2.0" 200 2 "https://mastodon.insa.lol/home" "Mozilla/5.0 (Macintosh; Intel Mac OS X 10_15_7) AppleWebKit/537.36 (KHTML, like Gecko) Chrome/128.0.0.0 Safari/537.36"
157.90.251.69 - - [07/Nov/2024:17:06:36 +0100] "POST /inbox HTTP/1.1" 202 0 "-" "Mastodon/4.4.0-nightly.2024-11-06 (http.rb/5.2.0; +https://mastodon.social/)"
2a01:4f8:c17:e91e::1 - - [07/Nov/2024:17:06:37 +0100] "POST /inbox HTTP/1.1" 202 0 "-" "Mastodon/4.3.1 (http.rb/5.2.0; +https://mastodon.ar.al/)"
57.128.95.174 - - [07/Nov/2024:17:06:39 +0100] "POST /inbox HTTP/1.1" 202 0 "-" "Mastodon/4.3.1 (http.rb/5.2.0; +https://vis.social/)"
168.119.178.203 - - [07/Nov/2024:17:06:41 +0100] "GET / HTTP/2.0" 302 0 "-" "Better Uptime Bot Mozilla/5.0 (Windows NT 10.0; Win64; x64) AppleWebKit/537.36 (KHTML, like Gecko) Chrome/74.0.3729.169 Safari/537.36"
168.119.178.203 - - [07/Nov/2024:17:06:41 +0100] "GET /web/ HTTP/2.0" 200 2061 "-" "Better Uptime Bot Mozilla/5.0 (Windows NT 10.0; Win64; x64) AppleWebKit/537.36 (KHTML, like Gecko) Chrome/74.0.3729.169 Safari/537.36"
2a06:e040:7603:2829:68c4:8bdb:1f9d:9e68 - - [07/Nov/2024:17:06:42 +0100] "GET /api/v1/timelines/home?since_id=113434603665898186 HTTP/2.0" 200 2 "https://mastodon.insa.lol/home" "Mozilla/5.0 (Windows NT 10.0; Win64; x64) AppleWebKit/537.36 (KHTML, like Gecko) Chrome/128.0.0.0 Safari/537.36 OPR/114.0.0.0"
2a06:e040:7603:2829:68c4:8bdb:1f9d:9e68 - - [07/Nov/2024:17:06:42 +0100] "GET /api/v2/notifications?grouped_types[]=favourite&grouped_types[]=reblog&grouped_types[]=follow&exclude_types[]=follow_request HTTP/2.0" 200 961 "https://mastodon.insa.lol/home" "Mozilla/5.0 (Windows NT 10.0; Win64; x64) AppleWebKit/537.36 (KHTML, like Gecko) Chrome/128.0.0.0 Safari/537.36 OPR/114.0.0.0"
2a06:e040:7603:2829:68c4:8bdb:1f9d:9e68 - - [07/Nov/2024:17:06:42 +0100] "GET /api/v1/announcements HTTP/2.0" 200 2 "https://mastodon.insa.lol/home" "Mozilla/5.0 (Windows NT 10.0; Win64; x64) AppleWebKit/537.36 (KHTML, like Gecko) Chrome/128.0.0.0 Safari/537.36 OPR/114.0.0.0"
66.148.120.148 - - [07/Nov/2024:17:06:42 +0100] "POST /inbox HTTP/1.1" 202 0 "-" "http.rb/5.1.1 (Mastodon/4.1.19; +https://mastodon.sdf.org/)"
46.193.0.123 - - [07/Nov/2024:17:06:43 +0100] "GET /api/v1/timelines/home?since_id=113439198485439744 HTTP/2.0" 200 2 "https://mastodon.insa.lol/home" "Mozilla/5.0 (Windows NT 10.0; Win64; x64) AppleWebKit/537.36 (KHTML, like Gecko) Chrome/130.0.0.0 Safari/537.36"
46.193.0.123 - - [07/Nov/2024:17:06:44 +0100] "GET /api/v2/notifications?grouped_types[]=favourite&grouped_types[]=reblog&grouped_types[]=follow&exclude_types[]=follow_request HTTP/2.0" 200 65 "https://mastodon.insa.lol/home" "Mozilla/5.0 (Windows NT 10.0; Win64; x64) AppleWebKit/537.36 (KHTML, like Gecko) Chrome/130.0.0.0 Safari/537.36"
46.193.0.123 - - [07/Nov/2024:17:06:44 +0100] "GET /api/v1/announcements HTTP/2.0" 200 2 "https://mastodon.insa.lol/home" "Mozilla/5.0 (Windows NT 10.0; Win64; x64) AppleWebKit/537.36 (KHTML, like Gecko) Chrome/130.0.0.0 Safari/537.36"
77.141.59.163 - - [07/Nov/2024:17:06:45 +0100] "GET /api/v1/timelines/home?since_id=113423277801959089 HTTP/2.0" 200 2 "https://mastodon.insa.lol/home" "Mozilla/5.0 (Windows NT 10.0; Win64; x64) AppleWebKit/537.36 (KHTML, like Gecko) Chrome/130.0.0.0 Safari/537.36"
77.141.59.163 - - [07/Nov/2024:17:06:45 +0100] "GET /api/v2/notifications?grouped_types[]=favourite&grouped_types[]=reblog&grouped_types[]=follow&exclude_types[]=follow_request HTTP/2.0" 200 65 "https://mastodon.insa.lol/home" "Mozilla/5.0 (Windows NT 10.0; Win64; x64) AppleWebKit/537.36 (KHTML, like Gecko) Chrome/130.0.0.0 Safari/537.36"
77.141.59.163 - - [07/Nov/2024:17:06:45 +0100] "GET /api/v1/announcements HTTP/2.0" 200 2 "https://mastodon.insa.lol/home" "Mozilla/5.0 (Windows NT 10.0; Win64; x64) AppleWebKit/537.36 (KHTML, like Gecko) Chrome/130.0.0.0 Safari/537.36"
77.141.59.163 - - [07/Nov/2024:17:06:46 +0100] "GET /api/v1/timelines/home?since_id=113423277801959089 HTTP/2.0" 200 2 "https://mastodon.insa.lol/home" "Mozilla/5.0 (Windows NT 10.0; Win64; x64) AppleWebKit/537.36 (KHTML, like Gecko) Chrome/130.0.0.0 Safari/537.36"
77.141.59.163 - - [07/Nov/2024:17:06:46 +0100] "GET /api/v2/notifications?grouped_types[]=favourite&grouped_types[]=reblog&grouped_types[]=follow&exclude_types[]=follow_request HTTP/2.0" 200 65 "https://mastodon.insa.lol/home" "Mozilla/5.0 (Windows NT 10.0; Win64; x64) AppleWebKit/537.36 (KHTML, like Gecko) Chrome/130.0.0.0 Safari/537.36"
77.141.59.163 - - [07/Nov/2024:17:06:46 +0100] "GET /api/v1/announcements HTTP/2.0" 200 2 "https://mastodon.insa.lol/home" "Mozilla/5.0 (Windows NT 10.0; Win64; x64) AppleWebKit/537.36 (KHTML, like Gecko) Chrome/130.0.0.0 Safari/537.36"
77.199.7.52 - - [07/Nov/2024:17:06:46 +0100] "GET /api/v1/timelines/home?since_id=113423277801959089 HTTP/2.0" 200 2 "https://mastodon.insa.lol/home" "Mozilla/5.0 (Macintosh; Intel Mac OS X 10_15_7) AppleWebKit/537.36 (KHTML, like Gecko) Chrome/126.0.0.0 Safari/537.36"
77.199.7.52 - - [07/Nov/2024:17:06:46 +0100] "GET /api/v2/notifications?grouped_types[]=favourite&grouped_types[]=reblog&grouped_types[]=follow&exclude_types[]=follow_request HTTP/2.0" 200 454 "https://mastodon.insa.lol/home" "Mozilla/5.0 (Macintosh; Intel Mac OS X 10_15_7) AppleWebKit/537.36 (KHTML, like Gecko) Chrome/126.0.0.0 Safari/537.36"
46.193.0.123 - - [07/Nov/2024:17:06:47 +0100] "GET /api/v1/timelines/home?since_id=113439198485439744 HTTP/2.0" 200 2 "https://mastodon.insa.lol/home" "Mozilla/5.0 (Windows NT 10.0; Win64; x64) AppleWebKit/537.36 (KHTML, like Gecko) Chrome/130.0.0.0 Safari/537.36"
77.141.59.163 - - [07/Nov/2024:17:06:47 +0100] "GET /api/v1/timelines/home?since_id=113423277801959089 HTTP/2.0" 200 2 "https://mastodon.insa.lol/home" "Mozilla/5.0 (Windows NT 10.0; Win64; x64) AppleWebKit/537.36 (KHTML, like Gecko) Chrome/130.0.0.0 Safari/537.36"
46.193.0.123 - - [07/Nov/2024:17:06:48 +0100] "GET /api/v2/notifications?grouped_types[]=favourite&grouped_types[]=reblog&grouped_types[]=follow&exclude_types[]=follow_request HTTP/2.0" 200 65 "https://mastodon.insa.lol/home" "Mozilla/5.0 (Windows NT 10.0; Win64; x64) AppleWebKit/537.36 (KHTML, like Gecko) Chrome/130.0.0.0 Safari/537.36"
46.193.0.123 - - [07/Nov/2024:17:06:48 +0100] "GET /api/v1/announcements HTTP/2.0" 200 2 "https://mastodon.insa.lol/home" "Mozilla/5.0 (Windows NT 10.0; Win64; x64) AppleWebKit/537.36 (KHTML, like Gecko) Chrome/130.0.0.0 Safari/537.36"
77.141.59.163 - - [07/Nov/2024:17:06:48 +0100] "GET /api/v2/notifications?grouped_types[]=favourite&grouped_types[]=reblog&grouped_types[]=follow&exclude_types[]=follow_request HTTP/2.0" 200 65 "https://mastodon.insa.lol/home" "Mozilla/5.0 (Windows NT 10.0; Win64; x64) AppleWebKit/537.36 (KHTML, like Gecko) Chrome/130.0.0.0 Safari/537.36"
77.141.59.163 - - [07/Nov/2024:17:06:48 +0100] "GET /api/v1/announcements HTTP/2.0" 200 2 "https://mastodon.insa.lol/home" "Mozilla/5.0 (Windows NT 10.0; Win64; x64) AppleWebKit/537.36 (KHTML, like Gecko) Chrome/130.0.0.0 Safari/537.36"
77.141.59.163 - - [07/Nov/2024:17:06:52 +0100] "GET /api/v1/timelines/home?since_id=113423277801959089 HTTP/2.0" 200 2 "https://mastodon.insa.lol/home" "Mozilla/5.0 (Windows NT 10.0; Win64; x64) AppleWebKit/537.36 (KHTML, like Gecko) Chrome/130.0.0.0 Safari/537.36"
77.141.59.163 - - [07/Nov/2024:17:06:52 +0100] "GET /api/v2/notifications?grouped_types[]=favourite&grouped_types[]=reblog&grouped_types[]=follow&exclude_types[]=follow_request HTTP/2.0" 200 65 "https://mastodon.insa.lol/home" "Mozilla/5.0 (Windows NT 10.0; Win64; x64) AppleWebKit/537.36 (KHTML, like Gecko) Chrome/130.0.0.0 Safari/537.36"
77.141.59.163 - - [07/Nov/2024:17:06:52 +0100] "GET /api/v2/notifications?grouped_types[]=favourite&grouped_types[]=reblog&grouped_types[]=follow&exclude_types[]=follow_request HTTP/2.0" 200 65 "https://mastodon.insa.lol/home" "Mozilla/5.0 (Windows NT 10.0; Win64; x64) AppleWebKit/537.36 (KHTML, like Gecko) Chrome/130.0.0.0 Safari/537.36"
77.141.59.163 - - [07/Nov/2024:17:06:52 +0100] "GET /api/v1/announcements HTTP/2.0" 200 2 "https://mastodon.insa.lol/home" "Mozilla/5.0 (Windows NT 10.0; Win64; x64) AppleWebKit/537.36 (KHTML, like Gecko) Chrome/130.0.0.0 Safari/537.36"
77.141.59.163 - - [07/Nov/2024:17:06:52 +0100] "GET /api/v1/announcements HTTP/2.0" 200 2 "https://mastodon.insa.lol/home" "Mozilla/5.0 (Windows NT 10.0; Win64; x64) AppleWebKit/537.36 (KHTML, like Gecko) Chrome/130.0.0.0 Safari/537.36"
